[2026-08-26 21:33:16] [INFO] [ProteinScope.P01308] Executing Complete ProteinScope 11-Stage Workflow
[2026-08-26 21:33:16] [INFO] [ProteinScope.P01308] ============================================================
[2026-08-26 21:33:16] [INFO] [ProteinScope.P01308] Starting ProteinScope Pipeline for accession: P01308
[2026-08-26 21:33:16] [INFO] [ProteinScope.P01308] ============================================================
[2026-08-26 21:33:16] [INFO] [ProteinScope.P01308] Stage 0 passed: Accession format validated and output directories created at ./output\P01308
[2026-08-26 21:33:37] [INFO] [ProteinScope.P01308] Starting Stage 11: Compiling final multi-stage report
[2026-08-26 21:33:37] [INFO] [ProteinScope.P01308] Final reports saved: ./output\P01308\report\report.json and ./output\P01308\report\summary.txt
[2026-08-26 21:37:24] [INFO] [ProteinScope.P01308] Executing Complete ProteinScope 11-Stage Workflow
[2026-08-26 21:37:24] [INFO] [ProteinScope.P01308] ============================================================
[2026-08-26 21:37:24] [INFO] [ProteinScope.P01308] Starting ProteinScope Pipeline for accession: P01308
[2026-08-26 21:37:24] [INFO] [ProteinScope.P01308] ============================================================
[2026-08-26 21:37:24] [INFO] [ProteinScope.P01308] Stage 0 passed: Accession format validated and output directories created at ./output\P01308
[2026-08-26 21:37:44] [INFO] [ProteinScope.P01308] Starting Stage 11: Compiling final multi-stage report
[2026-08-26 21:37:44] [INFO] [ProteinScope.P01308] Final reports saved: ./output\P01308\report\report.json and ./output\P01308\report\summary.txt
[2026-08-26 21:37:44] [INFO] [ProteinScope.P01308] Interactive 3D HTML Report generated at: ./output\P01308\report\protein_viewer.html
[2026-08-26 21:37:57] [INFO] [ProteinScope.P01308] Executing Complete ProteinScope 11-Stage Workflow
[2026-08-26 21:37:57] [INFO] [ProteinScope.P01308] ============================================================
[2026-08-26 21:37:57] [INFO] [ProteinScope.P01308] Starting ProteinScope Pipeline for accession: P01308
[2026-08-26 21:37:57] [INFO] [ProteinScope.P01308] ============================================================
[2026-08-26 21:37:57] [INFO] [ProteinScope.P01308] Stage 0 passed: Accession format validated and output directories created at ./output\P01308
[2026-08-26 21:38:34] [INFO] [ProteinScope.P01308] Starting Stage 11: Compiling final multi-stage report
[2026-08-26 21:38:34] [INFO] [ProteinScope.P01308] Final reports saved: ./output\P01308\report\report.json and ./output\P01308\report\summary.txt
[2026-08-26 21:38:34] [INFO] [ProteinScope.P01308] Interactive 3D HTML Report generated at: ./output\P01308\report\protein_viewer.html
[2026-08-26 23:53:02] [INFO] [ProteinScope.P01308] Executing Complete ProteinScope 11-Stage Workflow
[2026-08-26 23:53:02] [INFO] [ProteinScope.P01308] ============================================================
[2026-08-26 23:53:02] [INFO] [ProteinScope.P01308] Starting ProteinScope Pipeline for accession: P01308
[2026-08-26 23:53:02] [INFO] [ProteinScope.P01308] ============================================================
[2026-08-26 23:53:02] [INFO] [ProteinScope.P01308] Stage 0 passed: Accession format validated and output directories created at ./output\P01308
[2026-08-26 23:53:16] [INFO] [ProteinScope.P01308] Starting Stage 11: Compiling final multi-stage report
[2026-08-26 23:53:16] [INFO] [ProteinScope.P01308] Final reports saved: ./output\P01308\report\report.json and ./output\P01308\report\summary.txt
[2026-08-26 23:53:16] [INFO] [ProteinScope.P01308] Interactive 3D HTML Report generated at: ./output\P01308\report\protein_viewer.html
